// Jest Snapshot v1, https://goo.gl/fbAQLP

exports[`should render ExpenseListItem 1`] = `
<div>
  <Link
    to="/edit/1"
  >
    <h3>
      Gum
    </h3>
  </Link>
  <p>
    <h3
      className="list-item__data"
    >
      $1.95
    </h3>
    -
    December 31st, 1969
  </p>
</div>
`;
